---
source: crates/tui/src/app.rs
expression: "app_view(&mut moment, width, height)"
---
▀▀▀▀▀▀▀▀▀▀▀▀▀▀▀▀▀▀▀▀▀▀▀▀▀▀▀▀▀▀▀▀▀▀▀▀▀▀▀▀▀▀▀▀▀▀▀▀▀▀▀▀▀▀▀▀▀▀▀▀▀▀▀▀▀▀▀▀▀▀▀▀▀▀▀▀▀▀▀▀
 ▀▀▀▀▀▀▀▀ ▀▀▀▀▀▀▀▀ ▀▀▀▀▀▀▀▀ ▀▀▀▀▀▀▀▀ ▀▀▀▀▀▀▀▀ ▀▀▀▀▀▀▀▀ ▀▀▀▀▀▀▀▀ ▀▀▀▀▀▀▀▀ ▀▀▀▀▀▀▀
        ┌TRAIL MOMENT──────────────────────────────────────────────────┐       ▀
        │RAIN ON THE CANVAS            ▀▀▀▀▀▀▀▀▀▀▀▀▀▀▀▀▀▀▀▀▀▀▀▀▀▀▀▀▀▀  │    ▀   
     ▀  │             ▀             ▀▀▀▀▀▀▀▀▀▀▀▀▀▀▀▀▀▀▀▀▀▀▀▀▀▀▀▀▀▀▀▀▀  │ ▀      
  ▀     │Rain beads on the wagon cover.▀▀▀▀▀▀▀▀▀▀▀▀▀▀▀▀▀▀▀▀▀▀▀▀▀▀▀▀▀▀ ▀│        
    ▀▀▀▀│▀▀▀▀▀▀▀▀▀▀▀▀▀▀▀         ▀▀▀▀▀▀▀▀▀▀▀▀▀▀▀▀▀▀▀▀▀▀▀▀▀▀▀▀▀▀▀▀▀▀▀▀ ▀│▀▀▀▀▀▀▀▀
▀▀▀▀▀▀▀▀│Space · continue▀▀▀▀▀▀▀▀▀▀▀▀▀▀▀▀▀▀▀▀▀▀▀▀▀▀▀▀▀▀▀▀▀▀▀▀▀▀▀▀▀▀▀▀▀▀│▀▀▀▀▀▀▀▀
▀▀▀▀▀▀▀▀└──────────────────────────────────────────────────────────────┘▀▀▀▀▀▀▀▀
▀▀▀▀▀▀▀▀▀▀▀▀▀▀▀▀▀▀▀▀▀▀▀▀▀▀▀▀▀▀▀▀▀▀▀▀▀▀▀▀▀▀▀▀▀▀▀▀▀▀▀▀▀▀▀▀▀▀▀▀▀▀▀▀▀▀▀▀▀▀▀▀▀▀▀▀▀▀▀▀
▀▀▀▀▀▀▀▀▀▀▀▀▀▀▀▀▀▀▀▀▀▀▀▀▀▀▀▀▀▀▀▀▀▀▀▀▀▀▀▀▀▀▀▀▀▀▀▀▀▀▀▀▀▀▀▀▀▀▀▀▀▀▀▀▀▀▀▀▀▀▀▀▀▀▀▀▀▀▀▀
▀▀▀▀▀▀▀▀▀▀▀▀▀▀▀▀▀▀▀▀▀▀▀▀▀▀▀▀▀▀▀▀▀▀▀▀▀▀▀▀▀▀▀▀▀▀▀▀▀▀▀▀▀▀▀▀▀▀▀▀▀▀▀▀▀▀▀▀▀▀▀▀▀▀▀▀▀▀▀▀
▀▀▀▀▀▀▀▀▀▀▀▀▀▀▀▀▀▀▀▀▀▀▀▀▀▀▀▀▀▀▀▀▀▀▀▀▀▀▀▀▀▀▀▀▀▀▀▀▀▀▀▀▀▀▀▀▀▀▀▀▀▀▀▀▀▀▀▀▀▀▀▀▀▀▀▀▀▀▀▀
▀▀▀▀▀▀▀▀▀▀▀▀▀▀▀▀▀▀▀▀▀▀▀▀▀▀▀▀▀▀▀▀▀▀▀▀▀▀▀▀▀▀▀▀▀▀▀▀▀▀▀▀▀▀▀▀▀▀▀▀▀▀▀▀▀▀▀▀▀▀▀▀▀▀▀▀▀▀▀▀
  500 lb: up to 33 ration days for 5, less after spoilage or losses.            
03/01/1848 · 0 mi · Independence, Missouri · Rain                               
Food 500 lb · $1370.00 · Steady/Filling · 5 alive                               
► 1 Continue                2 Supplies                3 Map                     
  4 Pace                    5 Rations                 6 Rest                    
  7 Hunt                    8 Talk                    9 Buy                     
c camp · Shift-J Journal · a auto · i treat · u trade · v party · Esc title     
Choose New Journey to begin.
